// Jest Snapshot v1, https://goo.gl/fbAQLP

exports[`TableProposals has the expected html structure 1`] = `
<div
  class="proposals"
>
  <h4>
    Proposals
  </h4>
   
  <table
    class="data-table"
  >
    <tbody />
  </table>
</div>
`;
