// Jest Snapshot v1, https://goo.gl/fbAQLP

exports[`TransactionItem Let's do this TransactionItem with isExtension as false renders a MsgBeginRedelegate transaction item 1`] = `
<div
  class="tx-container"
>
  <div
    class="tx"
  >
    <!---->
     
    <div
      class="toggle"
    >
      <i
        class="material-icons notranslate toggle-icon"
      >
        
        keyboard_arrow_down
      
      </i>
    </div>
  </div>
   
  <!---->
</div>
`;

exports[`TransactionItem Let's do this TransactionItem with isExtension as false renders a MsgDelegate transaction item 1`] = `
<div
  class="tx-container"
>
  <div
    class="tx"
  >
    <!---->
     
    <div
      class="toggle"
    >
      <i
        class="material-icons notranslate toggle-icon"
      >
        
        keyboard_arrow_down
      
      </i>
    </div>
  </div>
   
  <!---->
</div>
`;

exports[`TransactionItem Let's do this TransactionItem with isExtension as false renders a MsgDeposit transaction item 1`] = `
<div
  class="tx-container"
>
  <div
    class="tx"
  >
    <!---->
     
    <div
      class="toggle"
    >
      <i
        class="material-icons notranslate toggle-icon"
      >
        
        keyboard_arrow_down
      
      </i>
    </div>
  </div>
   
  <!---->
</div>
`;

exports[`TransactionItem Let's do this TransactionItem with isExtension as false renders a MsgMultiSend transaction item 1`] = `
<div
  class="tx-container"
>
  <div
    class="tx"
  >
    <!---->
     
    <div
      class="toggle"
    >
      <i
        class="material-icons notranslate toggle-icon"
      >
        
        keyboard_arrow_down
      
      </i>
    </div>
  </div>
   
  <!---->
</div>
`;

exports[`TransactionItem Let's do this TransactionItem with isExtension as false renders a MsgSend transaction item 1`] = `
<div
  class="tx-container"
>
  <div
    class="tx"
  >
    <!---->
     
    <div
      class="toggle"
    >
      <i
        class="material-icons notranslate toggle-icon"
      >
        
        keyboard_arrow_down
      
      </i>
    </div>
  </div>
   
  <!---->
</div>
`;

exports[`TransactionItem Let's do this TransactionItem with isExtension as false renders a MsgSubmitProposal transaction item 1`] = `
<div
  class="tx-container"
>
  <div
    class="tx"
  >
    <!---->
     
    <div
      class="toggle"
    >
      <i
        class="material-icons notranslate toggle-icon"
      >
        
        keyboard_arrow_down
      
      </i>
    </div>
  </div>
   
  <!---->
</div>
`;

exports[`TransactionItem Let's do this TransactionItem with isExtension as false renders a MsgUndelegate transaction item 1`] = `
<div
  class="tx-container"
>
  <div
    class="tx"
  >
    <!---->
     
    <div
      class="toggle"
    >
      <i
        class="material-icons notranslate toggle-icon"
      >
        
        keyboard_arrow_down
      
      </i>
    </div>
  </div>
   
  <!---->
</div>
`;

exports[`TransactionItem Let's do this TransactionItem with isExtension as false renders a MsgVote transaction item 1`] = `
<div
  class="tx-container"
>
  <div
    class="tx"
  >
    <!---->
     
    <div
      class="toggle"
    >
      <i
        class="material-icons notranslate toggle-icon"
      >
        
        keyboard_arrow_down
      
      </i>
    </div>
  </div>
   
  <!---->
</div>
`;

exports[`TransactionItem Let's do this TransactionItem with isExtension as false renders a MsgWithdrawDelegationReward transaction item 1`] = `
<div
  class="tx-container"
>
  <div
    class="tx"
  >
    <!---->
     
    <div
      class="toggle"
    >
      <i
        class="material-icons notranslate toggle-icon"
      >
        
        keyboard_arrow_down
      
      </i>
    </div>
  </div>
   
  <!---->
</div>
`;
