// Jest Snapshot v1, https://goo.gl/fbAQLP

exports[`SessionSuccess renders correctly 1`] = `
<div
  class="session-success"
>
  <h2>
    Transaction Complete
  </h2>
   
  <div>
    <p>
      You successfully signed the transaction.
    </p>
  </div>
   
  <div
    class="session-footer"
  >
    <a>
      View Accounts
    </a>
  </div>
</div>
`;
