// Jest Snapshot v1, https://goo.gl/fbAQLP

exports[`PagePortfolio should display the portfolio page 1`] = `
<tmpage-stub
  darkbackground="true"
  managed="true"
  signinrequired="true"
  subtitle=""
  title=""
>
  <template>
    <delegationsoverview-stub />
     
    <undelegations-stub />
  </template>
   
  <div
    id="powered-by-coingecko"
  >
    <span>
      Fiat currencies courtesy of 
    </span>
     
    <img
      id="coingecko-logo"
      src="/img/icons/coingecko.webp"
    />
     
    <span>
       API
    </span>
  </div>
</tmpage-stub>
`;
